------------------------------------------------------------
TimeQuest Timing Analyzer Summary
------------------------------------------------------------

Type  : Slow 1200mV 85C Model Setup 'GClock'
Slack : -9.658
TNS   : -778.266

Type  : Slow 1200mV 85C Model Setup 'CLOCK_50'
Slack : -7.733
TNS   : -15.716

Type  : Slow 1200mV 85C Model Setup 'CLOCK2_50'
Slack : -2.319
TNS   : -92.752

Type  : Slow 1200mV 85C Model Setup 'swapButton'
Slack : 0.210
TNS   : 0.000

Type  : Slow 1200mV 85C Model Hold 'GClock'
Slack : 0.388
TNS   : 0.000

Type  : Slow 1200mV 85C Model Hold 'swapButton'
Slack : 0.445
TNS   : 0.000

Type  : Slow 1200mV 85C Model Hold 'CLOCK_50'
Slack : 0.772
TNS   : 0.000

Type  : Slow 1200mV 85C Model Hold 'CLOCK2_50'
Slack : 2.666
TNS   : 0.000

Type  : Slow 1200mV 85C Model Minimum Pulse Width 'GClock'
Slack : -3.000
TNS   : -164.910

Type  : Slow 1200mV 85C Model Minimum Pulse Width 'CLOCK2_50'
Slack : -3.000
TNS   : -110.720

Type  : Slow 1200mV 85C Model Minimum Pulse Width 'CLOCK_50'
Slack : -3.000
TNS   : -13.772

Type  : Slow 1200mV 85C Model Minimum Pulse Width 'swapButton'
Slack : -3.000
TNS   : -4.285

Type  : Slow 1200mV 0C Model Setup 'GClock'
Slack : -8.752
TNS   : -703.541

Type  : Slow 1200mV 0C Model Setup 'CLOCK_50'
Slack : -7.001
TNS   : -14.161

Type  : Slow 1200mV 0C Model Setup 'CLOCK2_50'
Slack : -2.007
TNS   : -80.280

Type  : Slow 1200mV 0C Model Setup 'swapButton'
Slack : 0.297
TNS   : 0.000

Type  : Slow 1200mV 0C Model Hold 'GClock'
Slack : 0.340
TNS   : 0.000

Type  : Slow 1200mV 0C Model Hold 'swapButton'
Slack : 0.398
TNS   : 0.000

Type  : Slow 1200mV 0C Model Hold 'CLOCK_50'
Slack : 0.731
TNS   : 0.000

Type  : Slow 1200mV 0C Model Hold 'CLOCK2_50'
Slack : 2.412
TNS   : 0.000

Type  : Slow 1200mV 0C Model Minimum Pulse Width 'GClock'
Slack : -3.000
TNS   : -164.910

Type  : Slow 1200mV 0C Model Minimum Pulse Width 'CLOCK2_50'
Slack : -3.000
TNS   : -108.960

Type  : Slow 1200mV 0C Model Minimum Pulse Width 'CLOCK_50'
Slack : -3.000
TNS   : -13.596

Type  : Slow 1200mV 0C Model Minimum Pulse Width 'swapButton'
Slack : -3.000
TNS   : -4.285

Type  : Fast 1200mV 0C Model Setup 'GClock'
Slack : -4.282
TNS   : -328.836

Type  : Fast 1200mV 0C Model Setup 'CLOCK_50'
Slack : -3.377
TNS   : -6.468

Type  : Fast 1200mV 0C Model Setup 'CLOCK2_50'
Slack : -0.388
TNS   : -15.520

Type  : Fast 1200mV 0C Model Setup 'swapButton'
Slack : 0.626
TNS   : 0.000

Type  : Fast 1200mV 0C Model Hold 'GClock'
Slack : 0.175
TNS   : 0.000

Type  : Fast 1200mV 0C Model Hold 'swapButton'
Slack : 0.208
TNS   : 0.000

Type  : Fast 1200mV 0C Model Hold 'CLOCK_50'
Slack : 0.339
TNS   : 0.000

Type  : Fast 1200mV 0C Model Hold 'CLOCK2_50'
Slack : 0.986
TNS   : 0.000

Type  : Fast 1200mV 0C Model Minimum Pulse Width 'GClock'
Slack : -3.000
TNS   : -137.943

Type  : Fast 1200mV 0C Model Minimum Pulse Width 'CLOCK2_50'
Slack : -3.000
TNS   : -47.720

Type  : Fast 1200mV 0C Model Minimum Pulse Width 'CLOCK_50'
Slack : -3.000
TNS   : -7.486

Type  : Fast 1200mV 0C Model Minimum Pulse Width 'swapButton'
Slack : -3.000
TNS   : -4.270

------------------------------------------------------------
