------------------------------------------------------------
TimeQuest Timing Analyzer Summary
------------------------------------------------------------

Type  : Slow 1200mV 85C Model Setup 'GClock'
Slack : -11.927
TNS   : -774.695

Type  : Slow 1200mV 85C Model Setup 'memClock'
Slack : -10.374
TNS   : -33.287

Type  : Slow 1200mV 85C Model Setup 'swapButton'
Slack : 0.210
TNS   : 0.000

Type  : Slow 1200mV 85C Model Hold 'GClock'
Slack : 0.404
TNS   : 0.000

Type  : Slow 1200mV 85C Model Hold 'swapButton'
Slack : 0.445
TNS   : 0.000

Type  : Slow 1200mV 85C Model Hold 'memClock'
Slack : 0.670
TNS   : 0.000

Type  : Slow 1200mV 85C Model Minimum Pulse Width 'GClock'
Slack : -3.000
TNS   : -95.643

Type  : Slow 1200mV 85C Model Minimum Pulse Width 'memClock'
Slack : -3.000
TNS   : -13.772

Type  : Slow 1200mV 85C Model Minimum Pulse Width 'swapButton'
Slack : -3.000
TNS   : -4.285

Type  : Slow 1200mV 0C Model Setup 'GClock'
Slack : -10.923
TNS   : -709.989

Type  : Slow 1200mV 0C Model Setup 'memClock'
Slack : -9.520
TNS   : -30.382

Type  : Slow 1200mV 0C Model Setup 'swapButton'
Slack : 0.297
TNS   : 0.000

Type  : Slow 1200mV 0C Model Hold 'GClock'
Slack : 0.355
TNS   : 0.000

Type  : Slow 1200mV 0C Model Hold 'swapButton'
Slack : 0.398
TNS   : 0.000

Type  : Slow 1200mV 0C Model Hold 'memClock'
Slack : 0.614
TNS   : 0.000

Type  : Slow 1200mV 0C Model Minimum Pulse Width 'GClock'
Slack : -3.000
TNS   : -95.599

Type  : Slow 1200mV 0C Model Minimum Pulse Width 'memClock'
Slack : -3.000
TNS   : -13.596

Type  : Slow 1200mV 0C Model Minimum Pulse Width 'swapButton'
Slack : -3.000
TNS   : -4.285

Type  : Fast 1200mV 0C Model Setup 'GClock'
Slack : -5.176
TNS   : -333.207

Type  : Fast 1200mV 0C Model Setup 'memClock'
Slack : -4.472
TNS   : -13.793

Type  : Fast 1200mV 0C Model Setup 'swapButton'
Slack : 0.624
TNS   : 0.000

Type  : Fast 1200mV 0C Model Hold 'GClock'
Slack : 0.183
TNS   : 0.000

Type  : Fast 1200mV 0C Model Hold 'swapButton'
Slack : 0.206
TNS   : 0.000

Type  : Fast 1200mV 0C Model Hold 'memClock'
Slack : 0.306
TNS   : 0.000

Type  : Fast 1200mV 0C Model Minimum Pulse Width 'GClock'
Slack : -3.000
TNS   : -78.502

Type  : Fast 1200mV 0C Model Minimum Pulse Width 'memClock'
Slack : -3.000
TNS   : -7.483

Type  : Fast 1200mV 0C Model Minimum Pulse Width 'swapButton'
Slack : -3.000
TNS   : -4.130

------------------------------------------------------------
